This is pdfTeX, Version 3.141592653-2.6-1.40.28 (MiKTeX 25.12) (preloaded format=pdflatex 2026.3.5)  10 MAY 2026 20:08
entering extended mode
 restricted \write18 enabled.
 file:line:error style messages enabled.
 %&-line parsing enabled.
**"c:/xampp/htdocs/proyectoPIMAS/proyectoASIR/documentation/documentation copy.tex"
(c:/xampp/htdocs/proyectoPIMAS/proyectoASIR/documentation/documentation copy.tex
LaTeX2e <2025-11-01>
L3 programming layer <2025-12-24>
(C:\Users\nullm\AppData\Local\Programs\MiKTeX\tex/latex/base\article.cls
Document Class: article 2025/01/22 v1.4n Standard LaTeX document class
(C:\Users\nullm\AppData\Local\Programs\MiKTeX\tex/latex/base\size12.clo
File: size12.clo 2025/01/22 v1.4n Standard LaTeX file (size option)
)
\c@part=\count275
\c@section=\count276
\c@subsection=\count277
\c@subsubsection=\count278
\c@paragraph=\count279
\c@subparagraph=\count280
\c@figure=\count281
\c@table=\count282
\abovecaptionskip=\skip49
\belowcaptionskip=\skip50
\bibindent=\dimen148
) (C:\Users\nullm\AppData\Local\Programs\MiKTeX\tex/generic/babel\babel.sty
Package: babel 2025/12/11 v25.17 The multilingual framework for LuaLaTeX, pdfLaTeX and XeLaTeX
\babel@savecnt=\count283
LaTeX Encoding Info:    Redeclaring text command \ij (encoding OT1) on input line 2068.
LaTeX Encoding Info:    Redeclaring text command \IJ (encoding OT1) on input line 2070.
LaTeX Encoding Info:    Redeclaring text command \ij (encoding T1) on input line 2072.
LaTeX Encoding Info:    Redeclaring text command \IJ (encoding T1) on input line 2073.
LaTeX Encoding Info:    Ignoring declaration for text command \ij (encoding ?) on input line 2074.
LaTeX Encoding Info:    Ignoring declaration for text command \IJ (encoding ?) on input line 2076.
LaTeX Encoding Info:    Ignoring declaration for text command \SS (encoding ?) on input line 2101.
\U@D=\dimen149
\l@unhyphenated=\language79
 (C:\Users\nullm\AppData\Local\Programs\MiKTeX\tex/generic/babel\txtbabel.def)
\bbl@readstream=\read2
\bbl@dirlevel=\count284
Package babel Info: Configuration files are deprecated, as
(babel)             they can break document portability.
(babel)             Reported on input line 4196.

*************************************
* Local config file bblopts.cfg used
*
(C:\Users\nullm\AppData\Local\Programs\MiKTeX\tex/latex/arabi\bblopts.cfg
File: bblopts.cfg 2005/09/08 v0.1 add Arabic and Farsi to "declared" options of babel
) (C:\Users\nullm\AppData\Local\Programs\MiKTeX\tex/generic/babel/locale/es\babel-spanish.tex)
Package babel Info: Importing font and identification data for spanish
(babel)             from babel-es.ini. Reported on input line 4320.
 (C:\Users\nullm\AppData\Local\Programs\MiKTeX\tex/latex/babel-spanish\spanish.ldf
Language: spanish.ldf 2021/05/27 v5.0q Spanish support from the babel system
\es@quottoks=\toks17
\es@quotdepth=\count285
Package babel Info: Making " an active character on input line 570.
Package babel Info: Making . an active character on input line 675.
Package babel Info: Making < an active character on input line 722.
Package babel Info: Making > an active character on input line 722.
))
LaTeX Encoding Info:    Redeclaring text command \guillemotleft (encoding OT1) on input line 3.
LaTeX Encoding Info:    Redeclaring text command \guillemotright (encoding OT1) on input line 3.
 (C:\Users\nullm\AppData\Local\Programs\MiKTeX\tex/latex/base\inputenc.sty
Package: inputenc 2024/02/08 v1.3d Input encoding file
\inpenc@prehook=\toks18
\inpenc@posthook=\toks19
) (C:\Users\nullm\AppData\Local\Programs\MiKTeX\tex/latex/graphics\graphicx.sty
Package: graphicx 2024/12/31 v1.2e Enhanced LaTeX Graphics (DPC,SPQR)
 (C:\Users\nullm\AppData\Local\Programs\MiKTeX\tex/latex/graphics\keyval.sty
Package: keyval 2022/05/29 v1.15 key=value parser (DPC)
\KV@toks@=\toks20
) (C:\Users\nullm\AppData\Local\Programs\MiKTeX\tex/latex/graphics\graphics.sty
Package: graphics 2024/08/06 v1.4g Standard LaTeX Graphics (DPC,SPQR)
 (C:\Users\nullm\AppData\Local\Programs\MiKTeX\tex/latex/graphics\trig.sty
Package: trig 2023/12/02 v1.11 sin cos tan (DPC)
) (C:\Users\nullm\AppData\Local\Programs\MiKTeX\tex/latex/graphics-cfg\graphics.cfg
File: graphics.cfg 2016/06/04 v1.11 sample graphics configuration
)
Package graphics Info: Driver file: pdftex.def on input line 106.
 (C:\Users\nullm\AppData\Local\Programs\MiKTeX\tex/latex/graphics-def\pdftex.def
File: pdftex.def 2025/09/29 v1.2d Graphics/color driver for pdftex
))
\Gin@req@height=\dimen150
\Gin@req@width=\dimen151
) (C:\Users\nullm\AppData\Local\Programs\MiKTeX\tex/latex/hyperref\hyperref.sty
Package: hyperref 2025-07-12 v7.01o Hypertext links for LaTeX
 (C:\Users\nullm\AppData\Local\Programs\MiKTeX\tex/generic/iftex\iftex.sty
Package: iftex 2024/12/12 v1.0g TeX engine tests
) (C:\Users\nullm\AppData\Local\Programs\MiKTeX\tex/latex/kvsetkeys\kvsetkeys.sty
Package: kvsetkeys 2022-10-05 v1.19 Key value parser (HO)
) (C:\Users\nullm\AppData\Local\Programs\MiKTeX\tex/generic/kvdefinekeys\kvdefinekeys.sty
Package: kvdefinekeys 2019-12-19 v1.6 Define keys (HO)
) (C:\Users\nullm\AppData\Local\Programs\MiKTeX\tex/generic/pdfescape\pdfescape.sty
Package: pdfescape 2019/12/09 v1.15 Implements pdfTeX's escape features (HO)
 (C:\Users\nullm\AppData\Local\Programs\MiKTeX\tex/generic/ltxcmds\ltxcmds.sty
Package: ltxcmds 2023-12-04 v1.26 LaTeX kernel commands for general use (HO)
) (C:\Users\nullm\AppData\Local\Programs\MiKTeX\tex/generic/pdftexcmds\pdftexcmds.sty
Package: pdftexcmds 2020-06-27 v0.33 Utility functions of pdfTeX for LuaTeX (HO)
 (C:\Users\nullm\AppData\Local\Programs\MiKTeX\tex/generic/infwarerr\infwarerr.sty
Package: infwarerr 2019/12/03 v1.5 Providing info/warning/error messages (HO)
)
Package pdftexcmds Info: \pdf@primitive is available.
Package pdftexcmds Info: \pdf@ifprimitive is available.
Package pdftexcmds Info: \pdfdraftmode found.
)) (C:\Users\nullm\AppData\Local\Programs\MiKTeX\tex/latex/hycolor\hycolor.sty
Package: hycolor 2020-01-27 v1.10 Color options for hyperref/bookmark (HO)
) (C:\Users\nullm\AppData\Local\Programs\MiKTeX\tex/latex/hyperref\nameref.sty
Package: nameref 2025-06-21 v2.57 Cross-referencing by name of section
 (C:\Users\nullm\AppData\Local\Programs\MiKTeX\tex/latex/refcount\refcount.sty
Package: refcount 2019/12/15 v3.6 Data extraction from label references (HO)
) (C:\Users\nullm\AppData\Local\Programs\MiKTeX\tex/generic/gettitlestring\gettitlestring.sty
Package: gettitlestring 2019/12/15 v1.6 Cleanup title references (HO)
 (C:\Users\nullm\AppData\Local\Programs\MiKTeX\tex/latex/kvoptions\kvoptions.sty
Package: kvoptions 2022-06-15 v3.15 Key value format for package options (HO)
))
\c@section@level=\count286
) (C:\Users\nullm\AppData\Local\Programs\MiKTeX\tex/latex/etoolbox\etoolbox.sty
Package: etoolbox 2025/10/02 v2.5m e-TeX tools for LaTeX (JAW)
\etb@tempcnta=\count287
) (C:\Users\nullm\AppData\Local\Programs\MiKTeX\tex/generic/stringenc\stringenc.sty
Package: stringenc 2019/11/29 v1.12 Convert strings between diff. encodings (HO)
)
\@linkdim=\dimen152
\Hy@linkcounter=\count288
\Hy@pagecounter=\count289
 (C:\Users\nullm\AppData\Local\Programs\MiKTeX\tex/latex/hyperref\pd1enc.def
File: pd1enc.def 2025-07-12 v7.01o Hyperref: PDFDocEncoding definition (HO)
Now handling font encoding PD1 ...
... no UTF-8 mapping file for font encoding PD1
) (C:\Users\nullm\AppData\Local\Programs\MiKTeX\tex/generic/intcalc\intcalc.sty
Package: intcalc 2019/12/15 v1.3 Expandable calculations with integers (HO)
)
\Hy@SavedSpaceFactor=\count290
 (C:\Users\nullm\AppData\Local\Programs\MiKTeX\tex/latex/hyperref\puenc.def
File: puenc.def 2025-07-12 v7.01o Hyperref: PDF Unicode definition (HO)
Now handling font encoding PU ...
... no UTF-8 mapping file for font encoding PU
)
Package hyperref Info: Hyper figures OFF on input line 4195.
Package hyperref Info: Link nesting OFF on input line 4200.
Package hyperref Info: Hyper index ON on input line 4203.
Package hyperref Info: Plain pages OFF on input line 4210.
Package hyperref Info: Backreferencing OFF on input line 4215.
Package hyperref Info: Implicit mode ON; LaTeX internals redefined.
Package hyperref Info: Bookmarks ON on input line 4462.
\c@Hy@tempcnt=\count291
 (C:\Users\nullm\AppData\Local\Programs\MiKTeX\tex/latex/url\url.sty
\Urlmuskip=\muskip17
Package: url 2013/09/16  ver 3.4  Verb mode for urls, etc.
)
LaTeX Info: Redefining \url on input line 4801.
\XeTeXLinkMargin=\dimen153
 (C:\Users\nullm\AppData\Local\Programs\MiKTeX\tex/generic/bitset\bitset.sty
Package: bitset 2019/12/09 v1.3 Handle bit-vector datatype (HO)
 (C:\Users\nullm\AppData\Local\Programs\MiKTeX\tex/generic/bigintcalc\bigintcalc.sty
Package: bigintcalc 2019/12/15 v1.5 Expandable calculations on big integers (HO)
))
\Fld@menulength=\count292
\Field@Width=\dimen154
\Fld@charsize=\dimen155
Package hyperref Info: Hyper figures OFF on input line 6078.
Package hyperref Info: Link nesting OFF on input line 6083.
Package hyperref Info: Hyper index ON on input line 6086.
Package hyperref Info: backreferencing OFF on input line 6093.
Package hyperref Info: Link coloring OFF on input line 6098.
Package hyperref Info: Link coloring with OCG OFF on input line 6103.
Package hyperref Info: PDF/A mode OFF on input line 6108.
\Hy@abspage=\count293
\c@Item=\count294
\c@Hfootnote=\count295
)
Package hyperref Info: Driver (autodetected): hpdftex.
 (C:\Users\nullm\AppData\Local\Programs\MiKTeX\tex/latex/hyperref\hpdftex.def
File: hpdftex.def 2025-07-12 v7.01o Hyperref driver for pdfTeX
\Fld@listcount=\count296
\c@bookmark@seq@number=\count297
 (C:\Users\nullm\AppData\Local\Programs\MiKTeX\tex/latex/rerunfilecheck\rerunfilecheck.sty
Package: rerunfilecheck 2025-06-21 v1.11 Rerun checks for auxiliary files (HO)
 (C:\Users\nullm\AppData\Local\Programs\MiKTeX\tex/generic/uniquecounter\uniquecounter.sty
Package: uniquecounter 2019/12/15 v1.4 Provide unlimited unique counter (HO)
)
Package uniquecounter Info: New unique counter `rerunfilecheck' on input line 284.
)
\Hy@SectionHShift=\skip51
) (C:\Users\nullm\AppData\Local\Programs\MiKTeX\tex/latex/makecell\makecell.sty
Package: makecell 2009/08/03 V0.1e Managing of Tab Column Heads and Cells
 (C:\Users\nullm\AppData\Local\Programs\MiKTeX\tex/latex/tools\array.sty
Package: array 2025/09/25 v2.6n Tabular extension package (FMi)
\col@sep=\dimen156
\ar@mcellbox=\box53
\extrarowheight=\dimen157
\NC@list=\toks21
\extratabsurround=\skip52
\backup@length=\skip53
\ar@cellbox=\box54
)
\rotheadsize=\dimen158
\c@nlinenum=\count298
\TeXr@lab=\toks22
) (C:\Users\nullm\AppData\Local\Programs\MiKTeX\tex/latex/float\float.sty
Package: float 2001/11/08 v1.3d Float enhancements (AL)
\c@float@type=\count299
\float@exts=\toks23
\float@box=\box55
\@float@everytoks=\toks24
\@floatcapt=\box56
) (C:\Users\nullm\AppData\Local\Programs\MiKTeX\tex/latex/natbib\natbib.sty
Package: natbib 2010/09/13 8.31b (PWD, AO)
\bibhang=\skip54
\bibsep=\skip55
LaTeX Info: Redefining \cite on input line 694.
\c@NAT@ctr=\count300
) (C:\Users\nullm\AppData\Local\Programs\MiKTeX\tex/latex/l3backend\l3backend-pdftex.def
File: l3backend-pdftex.def 2025-10-09 L3 backend support: PDF output (pdfTeX)
\l__color_backend_stack_int=\count301
) (documentation copy.aux
LaTeX Info: Redefining \. on input line 11.
LaTeX Info: Redefining \% on input line 11.
Package babel Info: 'spanish' activates 'spanish' shorthands.
(babel)             Reported on input line 11.
)
\openout1 = `"documentation copy.aux"'.

LaTeX Font Info:    Checking defaults for OML/cmm/m/it on input line 14.
LaTeX Font Info:    ... okay on input line 14.
LaTeX Font Info:    Checking defaults for OMS/cmsy/m/n on input line 14.
LaTeX Font Info:    ... okay on input line 14.
LaTeX Font Info:    Checking defaults for OT1/cmr/m/n on input line 14.
LaTeX Font Info:    ... okay on input line 14.
LaTeX Font Info:    Checking defaults for T1/cmr/m/n on input line 14.
LaTeX Font Info:    ... okay on input line 14.
LaTeX Font Info:    Checking defaults for TS1/cmr/m/n on input line 14.
LaTeX Font Info:    ... okay on input line 14.
LaTeX Font Info:    Checking defaults for OMX/cmex/m/n on input line 14.
LaTeX Font Info:    ... okay on input line 14.
LaTeX Font Info:    Checking defaults for U/cmr/m/n on input line 14.
LaTeX Font Info:    ... okay on input line 14.
LaTeX Font Info:    Checking defaults for PD1/pdf/m/n on input line 14.
LaTeX Font Info:    ... okay on input line 14.
LaTeX Font Info:    Checking defaults for PU/pdf/m/n on input line 14.
LaTeX Font Info:    ... okay on input line 14.
LaTeX Info: Redefining \. on input line 14.
LaTeX Info: Redefining \% on input line 14.
 (C:\Users\nullm\AppData\Local\Programs\MiKTeX\tex/context/base/mkii\supp-pdf.mkii
[Loading MPS to PDF converter (version 2006.09.02).]
\scratchcounter=\count302
\scratchdimen=\dimen159
\scratchbox=\box57
\nofMPsegments=\count303
\nofMParguments=\count304
\everyMPshowfont=\toks25
\MPscratchCnt=\count305
\MPscratchDim=\dimen160
\MPnumerator=\count306
\makeMPintoPDFobject=\count307
\everyMPtoPDFconversion=\toks26
) (C:\Users\nullm\AppData\Local\Programs\MiKTeX\tex/latex/epstopdf-pkg\epstopdf-base.sty
Package: epstopdf-base 2020-01-24 v2.11 Base part for package epstopdf
Package epstopdf-base Info: Redefining graphics rule for `.eps' on input line 485.
 (C:\Users\nullm\AppData\Local\Programs\MiKTeX\tex/latex/00miktex\epstopdf-sys.cfg
File: epstopdf-sys.cfg 2021/03/18 v2.0 Configuration of epstopdf for MiKTeX
))
Package hyperref Info: Link coloring OFF on input line 14.
 (documentation copy.out) (documentation copy.out)
\@outlinefile=\write3
\openout3 = `"documentation copy.out"'.

<images/LogoRiberaNuevo.png, id=179, 2875.74374pt x 1977.3875pt>
File: images/LogoRiberaNuevo.png Graphic file (type png)
<use images/LogoRiberaNuevo.png>
Package pdftex.def Info: images/LogoRiberaNuevo.png  used on input line 17.
(pdftex.def)             Requested size: 155.99762pt x 107.2631pt.
 [1

{C:/Users/nullm/AppData/Local/MiKTeX/fonts/map/pdftex/pdftex.map} <./images/LogoRiberaNuevo.png>] (documentation copy.toc
LaTeX Info: Redefining \. on input line 1.
LaTeX Info: Redefining \% on input line 1.
LaTeX Font Info:    External font `cmex10' loaded for size
(Font)              <12> on input line 7.
LaTeX Font Info:    External font `cmex10' loaded for size
(Font)              <8> on input line 7.
LaTeX Font Info:    External font `cmex10' loaded for size
(Font)              <6> on input line 7.

pdfTeX warning (ext4): destination with the same identifier (name{page.1}) has been already used, duplicate ignored
<to be read again> 
                   \relax 
l.29 ...SSL y Let's Encrypt)}{18}{subsection.13.2}
                                                  % [1])
\tf@toc=\write4
\openout4 = `"documentation copy.toc"'.

 [2] [3]
Overfull \hbox (22.12769pt too wide) in paragraph at lines 54--55
\OT1/cmr/m/n/12 ci^^Son de en-tor-nos de ser-vi-dor (Win-dows Ser-ver y dis-tri-bu-cio-nes GNU/Linux).
 []

[4] [5] [6] [7]
Overfull \hbox (9.3712pt too wide) in paragraph at lines 137--137
[]\OT1/cmr/bx/n/14.4 Pol^^S^^Pti-cas de Res-tric-ci^^Son y Ca-li-dad de Ser-vi-cio (QoS) 
 []

[8] [9]
<images/dbdiagram.png, id=277, 559.33969pt x 571.38469pt>
File: images/dbdiagram.png Graphic file (type png)
<use images/dbdiagram.png>
Package pdftex.def Info: images/dbdiagram.png  used on input line 152.
(pdftex.def)             Requested size: 312.00119pt x 318.72647pt.
 [10
pdfTeX warning (ext4): destination with the same identifier (name{figure.1}) has been already used, duplicate ignored
<argument> ...shipout:D \box_use:N \l_shipout_box 
                                                  \__shipout_drop_firstpage_...
l.156 \newpage
               <./images/dbdiagram.png>]
Overfull \hbox (6.60767pt too wide) in paragraph at lines 164--165
[]\OT1/cmr/bx/n/12 Capa de Pre-sen-ta-ci^^Son (Fron-tend): \OT1/cmr/m/n/12 De-sa-rro-lla-da en HTML5 sem^^Santi-
 []


Overfull \hbox (28.99162pt too wide) in paragraph at lines 166--167
\OT1/cmr/m/n/12 zan-do sen-ten-cias pre-pa-ra-das (Pre-pa-red Sta-te-ments) en PHP (PDO/MySQLi)
 []

[11] [12]
Overfull \hbox (76.42422pt too wide) in paragraph at lines 203--220
 [][] 
 []

[13]
Overfull \hbox (120.43979pt too wide) in paragraph at lines 235--235
[]\OT1/cmr/bx/n/17.28 Cumplimiento Nor-ma-ti-vo y Pri-va-ci-dad (RGPD/LOPD) 
 []

[14
pdfTeX warning (ext4): destination with the same identifier (name{table.1}) has been already used, duplicate ignored
<argument> ...shipout:D \box_use:N \l_shipout_box 
                                                  \__shipout_drop_firstpage_...
l.242     \item \textbf
                       {Cifrado en Reposo (Data at Rest):} Bajo ningún conc...] [15] [16]
Overfull \hbox (80.87299pt too wide) in paragraph at lines 271--272
\OT1/cmr/m/n/12 te-ra-cio-nes res-tric-ti-vas en sus ar-chi-vos de con-fi-gu-ra-ci^^Son sub-ya-cen-tes (\OT1/cmtt/m/n/12 /etc/ssh/sshd[]config\OT1/cmr/m/n/12 ): 
 []


Overfull \hbox (1.62993pt too wide) in paragraph at lines 274--275
[]\OT1/cmr/bx/n/12 Inhabilitaci^^Son de Au-ten-ti-ca-ci^^Son Cl^^Sasi-ca y Es-ca-la-da Root: \OT1/cmr/m/n/12 Prohi-
 []


Overfull \hbox (69.75504pt too wide) in paragraph at lines 274--275
\OT1/cmr/m/n/12 bi-ci^^Son ab-so-lu-ta de ac-ce-sos re-mo-tos ba-sa-dos en con-tra-se~na (\OT1/cmtt/m/n/12 PasswordAuthentication
 []


Overfull \hbox (20.91939pt too wide) in paragraph at lines 279--279
[]\OT1/cmr/bx/n/14.4 Criptograf^^S^^Pa en Tr^^Sansi-to (TLS/SSL y Let's Encrypt) 
 []

[17]
Overfull \hbox (3.47449pt too wide) in paragraph at lines 294--294
[]\OT1/cmr/bx/n/14.4 Enrutamiento y Seg-men-ta-ci^^Son Pe-ri-me-tral (pf-Sen-
 []

[18]
Overfull \hbox (16.15001pt too wide) in paragraph at lines 299--300
[]\OT1/cmr/bx/n/12 Red In-ter-na Pro-te-gi-da (LAN - 192.168.20.0/24): \OT1/cmr/m/n/12 Seg-men-to herm^^Seti-
 []


Overfull \hbox (23.66783pt too wide) in paragraph at lines 302--302
[]\OT1/cmr/bx/n/17.28 Memoria T^^Secni-ca: Al-ta Dis-po-ni-bi-li-dad (HA) 
 []

[19]
Overfull \hbox (38.29968pt too wide) in paragraph at lines 334--335
\OT1/cmr/m/n/12 por pf-Sen-se, los ar-chi-vos de con-fi-gu-ra-ci^^Son de los agen-tes (\OT1/cmtt/m/n/12 zabbix[]agentd.conf\OT1/cmr/m/n/12 )
 []

[20]
Overfull \hbox (1.58781pt too wide) in paragraph at lines 337--337
[]\OT1/cmr/bx/n/17.28 Gu^^S^^Pa de Des-plie-gue y Se-cuen-cia de Arran-
 []

[21]
<images/paginaInicio.png, id=348, 1241.38782pt x 686.565pt>
File: images/paginaInicio.png Graphic file (type png)
<use images/paginaInicio.png>
Package pdftex.def Info: images/paginaInicio.png  used on input line 356.
(pdftex.def)             Requested size: 312.00119pt x 172.55225pt.
<images/inicioIngles.png, id=349, 1236.87094pt x 688.07062pt>
File: images/inicioIngles.png Graphic file (type png)
<use images/inicioIngles.png>
Package pdftex.def Info: images/inicioIngles.png  used on input line 362.
(pdftex.def)             Requested size: 312.00119pt x 173.5606pt.
<images/productosSellados+añadirArticulo.png, id=350, 1236.11812pt x 685.05937pt>
File: images/productosSellados+añadirArticulo.png Graphic file (type png)
<use images/productosSellados+añadirArticulo.png>
Package pdftex.def Info: images/productosSellados+añadirArticulo.png  used on input line 369.
(pdftex.def)             Requested size: 312.00119pt x 172.90556pt.
 [22
pdfTeX warning (ext4): destination with the same identifier (name{figure.2}) has been already used, duplicate ignored
<argument> ...shipout:D \box_use:N \l_shipout_box 
                                                  \__shipout_drop_firstpage_...
l.372 
      
pdfTeX warning (ext4): destination with the same identifier (name{figure.3}) has been already used, duplicate ignored
<argument> ...shipout:D \box_use:N \l_shipout_box 
                                                  \__shipout_drop_firstpage_...
l.372 
       <./images/paginaInicio.png> <./images/inicioIngles.png>]
<images/carrito.png, id=359, 1227.83719pt x 670.75594pt>
File: images/carrito.png Graphic file (type png)
<use images/carrito.png>
Package pdftex.def Info: images/carrito.png  used on input line 375.
(pdftex.def)             Requested size: 312.00119pt x 170.44176pt.
<images/accesoLogin.png, id=360, 341.02406pt x 389.20406pt>
File: images/accesoLogin.png Graphic file (type png)
<use images/accesoLogin.png>
Package pdftex.def Info: images/accesoLogin.png  used on input line 382.
(pdftex.def)             Requested size: 312.00119pt x 356.1004pt.
 [23
pdfTeX warning (ext4): destination with the same identifier (name{figure.4}) has been already used, duplicate ignored
<argument> ...shipout:D \box_use:N \l_shipout_box 
                                                  \__shipout_drop_firstpage_...
l.385 
      
pdfTeX warning (ext4): destination with the same identifier (name{figure.5}) has been already used, duplicate ignored
<argument> ...shipout:D \box_use:N \l_shipout_box 
                                                  \__shipout_drop_firstpage_...
l.385 
       <./images/productosSellados+añadirArticulo.png> <./images/carrito.png>]
<images/correoVerificación.png, id=369, 462.22687pt x 234.8775pt>
File: images/correoVerificación.png Graphic file (type png)
<use images/correoVerificación.png>
Package pdftex.def Info: images/correoVerificación.png  used on input line 388.
(pdftex.def)             Requested size: 312.00119pt x 158.54263pt.
 [24
pdfTeX warning (ext4): destination with the same identifier (name{figure.6}) has been already used, duplicate ignored
<argument> ...shipout:D \box_use:N \l_shipout_box 
                                                  \__shipout_drop_firstpage_...
l.391 
       <./images/accesoLogin.png>]
<images/verificacion.png, id=377, 351.56343pt x 383.18156pt>
File: images/verificacion.png Graphic file (type png)
<use images/verificacion.png>
Package pdftex.def Info: images/verificacion.png  used on input line 394.
(pdftex.def)             Requested size: 312.00119pt x 340.05992pt.
<images/ejemploBot.png, id=378, 298.86656pt x 474.27188pt>
File: images/ejemploBot.png Graphic file (type png)
<use images/ejemploBot.png>
Package pdftex.def Info: images/ejemploBot.png  used on input line 401.
(pdftex.def)             Requested size: 312.00119pt x 495.14888pt.
 [25
pdfTeX warning (ext4): destination with the same identifier (name{figure.7}) has been already used, duplicate ignored
<argument> ...shipout:D \box_use:N \l_shipout_box 
                                                  \__shipout_drop_firstpage_...
l.404 
      
pdfTeX warning (ext4): destination with the same identifier (name{figure.8}) has been already used, duplicate ignored
<argument> ...shipout:D \box_use:N \l_shipout_box 
                                                  \__shipout_drop_firstpage_...
l.404 
       <./images/correoVerificación.png> <./images/verificacion.png>]
<images/ejemploBot2.png, id=387, 298.86656pt x 465.99094pt>
File: images/ejemploBot2.png Graphic file (type png)
<use images/ejemploBot2.png>
Package pdftex.def Info: images/ejemploBot2.png  used on input line 407.
(pdftex.def)             Requested size: 312.00119pt x 486.5034pt.
 [26
pdfTeX warning (ext4): destination with the same identifier (name{figure.9}) has been already used, duplicate ignored
<argument> ...shipout:D \box_use:N \l_shipout_box 
                                                  \__shipout_drop_firstpage_...
l.410 
       <./images/ejemploBot.png>]
<images/pokeLensWorking.png, id=394, 1227.83719pt x 683.55376pt>
File: images/pokeLensWorking.png Graphic file (type png)
<use images/pokeLensWorking.png>
Package pdftex.def Info: images/pokeLensWorking.png  used on input line 413.
(pdftex.def)             Requested size: 312.00119pt x 173.69374pt.
 [27
pdfTeX warning (ext4): destination with the same identifier (name{figure.10}) has been already used, duplicate ignored
<argument> ...shipout:D \box_use:N \l_shipout_box 
                                                  \__shipout_drop_firstpage_...
l.416 
       <./images/ejemploBot2.png>]
<images/pokeLensNot.png, id=401, 1242.14063pt x 686.565pt>
File: images/pokeLensNot.png Graphic file (type png)
<use images/pokeLensNot.png>
Package pdftex.def Info: images/pokeLensNot.png  used on input line 419.
(pdftex.def)             Requested size: 312.00119pt x 172.44748pt.
<images/contacto.png, id=402, 1236.87094pt x 684.30656pt>
File: images/contacto.png Graphic file (type png)
<use images/contacto.png>
Package pdftex.def Info: images/contacto.png  used on input line 426.
(pdftex.def)             Requested size: 312.00119pt x 172.61115pt.
 [28
pdfTeX warning (ext4): destination with the same identifier (name{figure.11}) has been already used, duplicate ignored
<argument> ...shipout:D \box_use:N \l_shipout_box 
                                                  \__shipout_drop_firstpage_...
l.429 
      
pdfTeX warning (ext4): destination with the same identifier (name{figure.12}) has been already used, duplicate ignored
<argument> ...shipout:D \box_use:N \l_shipout_box 
                                                  \__shipout_drop_firstpage_...
l.429 
       <./images/pokeLensWorking.png> <./images/pokeLensNot.png>]
<images/movil1.jpeg, id=411, 1003.75pt x 2055.68pt>
File: images/movil1.jpeg Graphic file (type jpg)
<use images/movil1.jpeg>
Package pdftex.def Info: images/movil1.jpeg  used on input line 433.
(pdftex.def)             Requested size: 175.49881pt x 359.40436pt.
 [29
pdfTeX warning (ext4): destination with the same identifier (name{figure.13}) has been already used, duplicate ignored
<argument> ...shipout:D \box_use:N \l_shipout_box 
                                                  \__shipout_drop_firstpage_...
l.436 
       <./images/contacto.png>]
<images/movil2.jpeg, id=418, 1100.11pt x 2055.68pt>
File: images/movil2.jpeg Graphic file (type jpg)
<use images/movil2.jpeg>
Package pdftex.def Info: images/movil2.jpeg  used on input line 439.
(pdftex.def)             Requested size: 175.49881pt x 327.94315pt.
 [30
pdfTeX warning (ext4): destination with the same identifier (name{figure.14}) has been already used, duplicate ignored
<argument> ...shipout:D \box_use:N \l_shipout_box 
                                                  \__shipout_drop_firstpage_...
l.442 
       <./images/movil1.jpeg>]
<images/movil3.jpeg, id=425, 1294.8375pt x 917.4275pt>
File: images/movil3.jpeg Graphic file (type jpg)
<use images/movil3.jpeg>
Package pdftex.def Info: images/movil3.jpeg  used on input line 445.
(pdftex.def)             Requested size: 175.49881pt x 124.33733pt.
 [31
pdfTeX warning (ext4): destination with the same identifier (name{figure.15}) has been already used, duplicate ignored
<argument> ...shipout:D \box_use:N \l_shipout_box 
                                                  \__shipout_drop_firstpage_...
l.449 \end{document}
                    
pdfTeX warning (ext4): destination with the same identifier (name{figure.16}) has been already used, duplicate ignored
<argument> ...shipout:D \box_use:N \l_shipout_box 
                                                  \__shipout_drop_firstpage_...
l.449 \end{document}
                     <./images/movil2.jpeg> <./images/movil3.jpeg>] (documentation copy.aux
LaTeX Info: Redefining \. on input line 11.
LaTeX Info: Redefining \% on input line 11.
)
 ***********
LaTeX2e <2025-11-01>
L3 programming layer <2025-12-24>
 ***********
Package rerunfilecheck Info: File `"documentation copy".out' has not changed.
(rerunfilecheck)             Checksum: ACCB83075FD965D05B310E9E84B98E13;11076.
 ) 
Here is how much of TeX's memory you used:
 10862 strings out of 467870
 172340 string characters out of 5418356
 598603 words of memory out of 5000000
 39528 multiletter control sequences out of 15000+600000
 634726 words of font info for 63 fonts, out of 8000000 for 9000
 1141 hyphenation exceptions out of 8191
 75i,9n,79p,747b,787s stack positions out of 10000i,1000n,20000p,200000b,200000s
 <C:\Users\nullm\AppData\Local\MiKTeX\fonts/pk/ljfour/jknappen/ec/dpi600\tcbx1200.pk> <C:\Users\nullm\AppData\Local\MiKTeX\fonts/pk/ljfour/jknappen/ec/dpi600\tcrm1200.pk><C:/Users/nullm/AppData/Local/Programs/MiKTeX/fonts/type1/public/amsfonts/cm/cmbx12.pfb><C:/Users/nullm/AppData/Local/Programs/MiKTeX/fonts/type1/public/amsfonts/cm/cmcsc10.pfb><C:/Users/nullm/AppData/Local/Programs/MiKTeX/fonts/type1/public/amsfonts/cm/cmr12.pfb><C:/Users/nullm/AppData/Local/Programs/MiKTeX/fonts/type1/public/amsfonts/cm/cmr17.pfb><C:/Users/nullm/AppData/Local/Programs/MiKTeX/fonts/type1/public/amsfonts/cm/cmr6.pfb><C:/Users/nullm/AppData/Local/Programs/MiKTeX/fonts/type1/public/amsfonts/cm/cmr8.pfb><C:/Users/nullm/AppData/Local/Programs/MiKTeX/fonts/type1/public/amsfonts/cm/cmti12.pfb><C:/Users/nullm/AppData/Local/Programs/MiKTeX/fonts/type1/public/amsfonts/cm/cmtt12.pfb>
Output written on "documentation copy.pdf" (32 pages, 2418150 bytes).
PDF statistics:
 498 PDF objects out of 1000 (max. 8388607)
 107 named destinations out of 1000 (max. 500000)
 438 words of extra memory for PDF output out of 10000 (max. 10000000)

