\BOOKMARK [1][-]{section.1}{\376\377\000I\000n\000t\000r\000o\000d\000u\000c\000c\000i\000\363\000n}{}% 1
\BOOKMARK [1][-]{section.2}{\376\377\000M\000\363\000d\000u\000l\000o\000s\000\040\000I\000m\000p\000l\000i\000c\000a\000d\000o\000s}{}% 2
\BOOKMARK [1][-]{section.3}{\376\377\000E\000s\000t\000u\000d\000i\000o\000\040\000d\000e\000\040\000M\000e\000r\000c\000a\000d\000o\000\040\000y\000\040\000V\000i\000a\000b\000i\000l\000i\000d\000a\000d\000\040\000C\000o\000m\000e\000r\000c\000i\000a\000l}{}% 3
\BOOKMARK [1][-]{section.4}{\376\377\000A\000n\000\341\000l\000i\000s\000i\000s\000\040\000D\000A\000F\000O\000\040\000\050\000D\000e\000b\000i\000l\000i\000d\000a\000d\000e\000s\000,\000\040\000A\000m\000e\000n\000a\000z\000a\000s\000,\000\040\000F\000o\000r\000t\000a\000l\000e\000z\000a\000s\000\040\000y\000\040\000O\000p\000o\000r\000t\000u\000n\000i\000d\000a\000d\000e\000s\000\051}{}% 4
\BOOKMARK [1][-]{section.5}{\376\377\000C\000a\000t\000\341\000l\000o\000g\000o\000\040\000d\000e\000\040\000S\000e\000r\000v\000i\000c\000i\000o\000s\000\040\000D\000i\000g\000i\000t\000a\000l\000e\000s}{}% 5
\BOOKMARK [2][-]{subsection.5.1}{\376\377\000C\000o\000m\000e\000r\000c\000i\000o\000\040\000E\000l\000e\000c\000t\000r\000\363\000n\000i\000c\000o\000\040\000B\0002\000C}{section.5}% 6
\BOOKMARK [2][-]{subsection.5.2}{\376\377\000G\000e\000s\000t\000i\000\363\000n\000\040\000L\000o\000g\000\355\000s\000t\000i\000c\000a}{section.5}% 7
\BOOKMARK [2][-]{subsection.5.3}{\376\377\000A\000t\000e\000n\000c\000i\000\363\000n\000\040\000a\000l\000\040\000C\000l\000i\000e\000n\000t\000e\000\040\000m\000e\000d\000i\000a\000n\000t\000e\000\040\000I\000n\000t\000e\000l\000i\000g\000e\000n\000c\000i\000a\000\040\000A\000r\000t\000i\000f\000i\000c\000i\000a\000l}{section.5}% 8
\BOOKMARK [2][-]{subsection.5.4}{\376\377\000A\000u\000t\000e\000n\000t\000i\000c\000a\000c\000i\000\363\000n\000\040\000y\000\040\000V\000e\000r\000i\000f\000i\000c\000a\000c\000i\000\363\000n\000\040\000d\000e\000\040\000I\000d\000e\000n\000t\000i\000d\000a\000d}{section.5}% 9
\BOOKMARK [2][-]{subsection.5.5}{\376\377\000P\000o\000l\000\355\000t\000i\000c\000a\000s\000\040\000d\000e\000\040\000R\000e\000s\000t\000r\000i\000c\000c\000i\000\363\000n\000\040\000y\000\040\000C\000a\000l\000i\000d\000a\000d\000\040\000d\000e\000\040\000S\000e\000r\000v\000i\000c\000i\000o\000\040\000\050\000Q\000o\000S\000\051}{section.5}% 10
\BOOKMARK [2][-]{subsection.5.6}{\376\377\000D\000i\000s\000e\000\361\000o\000\040\000d\000e\000\040\000I\000n\000t\000e\000r\000f\000a\000z\000\040\000A\000s\000\355\000n\000c\000r\000o\000n\000o}{section.5}% 11
\BOOKMARK [1][-]{section.6}{\376\377\000A\000r\000q\000u\000i\000t\000e\000c\000t\000u\000r\000a\000\040\000d\000e\000\040\000P\000e\000r\000s\000i\000s\000t\000e\000n\000c\000i\000a\000\040\000d\000e\000\040\000D\000a\000t\000o\000s}{}% 12
\BOOKMARK [2][-]{subsection.6.1}{\376\377\000E\000s\000q\000u\000e\000m\000a\000\040\000R\000e\000l\000a\000c\000i\000o\000n\000a\000l}{section.6}% 13
\BOOKMARK [1][-]{section.7}{\376\377\000S\000t\000a\000c\000k\000\040\000T\000e\000c\000n\000o\000l\000\363\000g\000i\000c\000o\000\040\000y\000\040\000D\000e\000s\000a\000r\000r\000o\000l\000l\000o\000\040\000W\000e\000b}{}% 14
\BOOKMARK [2][-]{subsection.7.1}{\376\377\000D\000e\000f\000i\000n\000i\000c\000i\000\363\000n\000\040\000d\000e\000l\000\040\000S\000t\000a\000c\000k}{section.7}% 15
\BOOKMARK [2][-]{subsection.7.2}{\376\377\000D\000i\000s\000e\000\361\000o\000\040\000A\000d\000a\000p\000t\000a\000t\000i\000v\000o\000\040\000\050\000R\000e\000s\000p\000o\000n\000s\000i\000v\000e\000\040\000D\000e\000s\000i\000g\000n\000\051}{section.7}% 16
\BOOKMARK [1][-]{section.8}{\376\377\000C\000o\000n\000t\000i\000n\000u\000i\000d\000a\000d\000\040\000d\000e\000\040\000N\000e\000g\000o\000c\000i\000o\000:\000\040\000B\000a\000c\000k\000u\000p\000\040\000y\000\040\000R\000e\000c\000u\000p\000e\000r\000a\000c\000i\000\363\000n\000\040\000\050\000D\000i\000s\000a\000s\000t\000e\000r\000\040\000R\000e\000c\000o\000v\000e\000r\000y\000\051}{}% 17
\BOOKMARK [1][-]{section.9}{\376\377\000E\000s\000t\000u\000d\000i\000o\000\040\000d\000e\000\040\000V\000i\000a\000b\000i\000l\000i\000d\000a\000d\000\040\000T\000\351\000c\000n\000i\000c\000a\000\040\000y\000\040\000E\000c\000o\000n\000\363\000m\000i\000c\000a}{}% 18
\BOOKMARK [2][-]{subsection.9.1}{\376\377\000M\000o\000d\000e\000l\000o\000\040\000d\000e\000\040\000I\000n\000g\000r\000e\000s\000o\000s\000\040\000\050\000R\000e\000v\000e\000n\000u\000e\000\040\000M\000o\000d\000e\000l\000\051}{section.9}% 19
\BOOKMARK [2][-]{subsection.9.2}{\376\377\000E\000s\000t\000r\000u\000c\000t\000u\000r\000a\000\040\000J\000u\000r\000\355\000d\000i\000c\000o\000-\000F\000i\000s\000c\000a\000l}{section.9}% 20
\BOOKMARK [2][-]{subsection.9.3}{\376\377\000P\000l\000a\000n\000\040\000d\000e\000\040\000I\000n\000v\000e\000r\000s\000i\000o\000n\000e\000s\000\040\000\050\000C\000A\000P\000E\000X\000\051}{section.9}% 21
\BOOKMARK [2][-]{subsection.9.4}{\376\377\000E\000s\000c\000a\000l\000a\000b\000i\000l\000i\000d\000a\000d\000\040\000O\000p\000e\000r\000a\000t\000i\000v\000a}{section.9}% 22
\BOOKMARK [1][-]{section.10}{\376\377\000C\000u\000m\000p\000l\000i\000m\000i\000e\000n\000t\000o\000\040\000N\000o\000r\000m\000a\000t\000i\000v\000o\000\040\000y\000\040\000P\000r\000i\000v\000a\000c\000i\000d\000a\000d\000\040\000\050\000R\000G\000P\000D\000/\000L\000O\000P\000D\000\051}{}% 23
\BOOKMARK [1][-]{section.11}{\376\377\000P\000r\000e\000v\000e\000n\000c\000i\000\363\000n\000\040\000d\000e\000\040\000R\000i\000e\000s\000g\000o\000s\000\040\000L\000a\000b\000o\000r\000a\000l\000e\000s\000\040\000\050\000P\000R\000L\000\051\000\040\000e\000n\000\040\000E\000n\000t\000o\000r\000n\000o\000s\000\040\000I\000T}{}% 24
\BOOKMARK [1][-]{section.12}{\376\377\000S\000i\000s\000t\000e\000m\000a\000s\000\040\000O\000p\000e\000r\000a\000t\000i\000v\000o\000s\000\040\000y\000\040\000D\000i\000r\000e\000c\000t\000o\000r\000i\000o\000s\000\040\000C\000o\000r\000p\000o\000r\000a\000t\000i\000v\000o\000s}{}% 25
\BOOKMARK [1][-]{section.13}{\376\377\000B\000a\000s\000t\000i\000o\000n\000a\000d\000o\000\040\000d\000e\000\040\000S\000e\000r\000v\000i\000d\000o\000r\000e\000s\000\040\000\050\000H\000a\000r\000d\000e\000n\000i\000n\000g\000\051\000\040\000y\000\040\000C\000i\000b\000e\000r\000s\000e\000g\000u\000r\000i\000d\000a\000d\000\040\000A\000c\000t\000i\000v\000a}{}% 26
\BOOKMARK [2][-]{subsection.13.1}{\376\377\000A\000s\000e\000g\000u\000r\000a\000m\000i\000e\000n\000t\000o\000\040\000d\000e\000\040\000l\000o\000s\000\040\000P\000r\000o\000t\000o\000c\000o\000l\000o\000s\000\040\000d\000e\000\040\000A\000d\000m\000i\000n\000i\000s\000t\000r\000a\000c\000i\000\363\000n\000\040\000\050\000S\000S\000H\000\051}{section.13}% 27
\BOOKMARK [2][-]{subsection.13.2}{\376\377\000C\000r\000i\000p\000t\000o\000g\000r\000a\000f\000\355\000a\000\040\000e\000n\000\040\000T\000r\000\341\000n\000s\000i\000t\000o\000\040\000\050\000T\000L\000S\000/\000S\000S\000L\000\040\000y\000\040\000L\000e\000t\000'\000s\000\040\000E\000n\000c\000r\000y\000p\000t\000\051}{section.13}% 28
\BOOKMARK [2][-]{subsection.13.3}{\376\377\000C\000o\000r\000t\000a\000f\000u\000e\000g\000o\000s\000\040\000d\000e\000\040\000N\000i\000v\000e\000l\000\040\000d\000e\000\040\000H\000o\000s\000t\000\040\000\050\000U\000F\000W\000\040\000/\000\040\000I\000P\000t\000a\000b\000l\000e\000s\000\051}{section.13}% 29
\BOOKMARK [1][-]{section.14}{\376\377\000I\000n\000f\000r\000a\000e\000s\000t\000r\000u\000c\000t\000u\000r\000a\000\040\000y\000\040\000S\000e\000g\000m\000e\000n\000t\000a\000c\000i\000\363\000n\000\040\000d\000e\000\040\000R\000e\000d}{}% 30
\BOOKMARK [2][-]{subsection.14.1}{\376\377\000E\000n\000r\000u\000t\000a\000m\000i\000e\000n\000t\000o\000\040\000y\000\040\000S\000e\000g\000m\000e\000n\000t\000a\000c\000i\000\363\000n\000\040\000P\000e\000r\000i\000m\000e\000t\000r\000a\000l\000\040\000\050\000p\000f\000S\000e\000n\000s\000e\000\051}{section.14}% 31
\BOOKMARK [1][-]{section.15}{\376\377\000M\000e\000m\000o\000r\000i\000a\000\040\000T\000\351\000c\000n\000i\000c\000a\000:\000\040\000A\000l\000t\000a\000\040\000D\000i\000s\000p\000o\000n\000i\000b\000i\000l\000i\000d\000a\000d\000\040\000\050\000H\000A\000\051}{}% 32
\BOOKMARK [2][-]{subsection.15.1}{\376\377\000B\000a\000l\000a\000n\000c\000e\000a\000d\000o\000r\000\040\000d\000e\000\040\000C\000a\000r\000g\000a\000\040\000\050\000H\000A\000P\000r\000o\000x\000y\000\051}{section.15}% 33
\BOOKMARK [2][-]{subsection.15.2}{\376\377\000C\000a\000p\000a\000\040\000d\000e\000\040\000A\000p\000l\000i\000c\000a\000c\000i\000\363\000n\000\040\000\050\000W\000i\000n\000d\000o\000w\000s\000\040\000S\000e\000r\000v\000e\000r\000\040\000e\000\040\000I\000I\000S\000\051}{section.15}% 34
\BOOKMARK [2][-]{subsection.15.3}{\376\377\000C\000l\000\372\000s\000t\000e\000r\000\040\000d\000e\000\040\000B\000a\000s\000e\000s\000\040\000d\000e\000\040\000D\000a\000t\000o\000s\000\040\000\050\000M\000a\000r\000i\000a\000D\000B\000\040\000M\000a\000s\000t\000e\000r\000-\000M\000a\000s\000t\000e\000r\000\051}{section.15}% 35
\BOOKMARK [1][-]{section.16}{\376\377\000M\000o\000n\000i\000t\000o\000r\000i\000z\000a\000c\000i\000\363\000n\000\040\000y\000\040\000T\000e\000l\000e\000m\000e\000t\000r\000\355\000a}{}% 36
\BOOKMARK [1][-]{section.17}{\376\377\000G\000u\000\355\000a\000\040\000d\000e\000\040\000D\000e\000s\000p\000l\000i\000e\000g\000u\000e\000\040\000y\000\040\000S\000e\000c\000u\000e\000n\000c\000i\000a\000\040\000d\000e\000\040\000A\000r\000r\000a\000n\000q\000u\000e}{}% 37
\BOOKMARK [1][-]{section.18}{\376\377\000A\000n\000e\000x\000o\000:\000\040\000G\000a\000l\000e\000r\000\355\000a\000\040\000d\000e\000\040\000l\000a\000\040\000P\000\341\000g\000i\000n\000a\000\040\000W\000e\000b}{}% 38
\BOOKMARK [2][-]{subsection.18.1}{\376\377\000N\000a\000v\000e\000g\000a\000c\000i\000\363\000n\000\040\000e\000\040\000I\000n\000i\000c\000i\000o\000\040\000d\000e\000\040\000l\000a\000\040\000T\000i\000e\000n\000d\000a}{section.18}% 39
\BOOKMARK [2][-]{subsection.18.2}{\376\377\000P\000r\000o\000c\000e\000s\000o\000\040\000d\000e\000\040\000C\000o\000m\000p\000r\000a}{section.18}% 40
\BOOKMARK [2][-]{subsection.18.3}{\376\377\000V\000e\000r\000i\000f\000i\000c\000a\000c\000i\000\363\000n\000\040\000y\000\040\000A\000c\000c\000e\000s\000o}{section.18}% 41
\BOOKMARK [2][-]{subsection.18.4}{\376\377\000H\000e\000r\000r\000a\000m\000i\000e\000n\000t\000a\000s\000\040\000d\000e\000\040\000I\000n\000t\000e\000l\000i\000g\000e\000n\000c\000i\000a\000\040\000A\000r\000t\000i\000f\000i\000c\000i\000a\000l}{section.18}% 42
\BOOKMARK [2][-]{subsection.18.5}{\376\377\000A\000t\000e\000n\000c\000i\000\363\000n\000\040\000a\000l\000\040\000C\000l\000i\000e\000n\000t\000e}{section.18}% 43
\BOOKMARK [2][-]{subsection.18.6}{\376\377\000V\000i\000s\000t\000a\000\040\000M\000\363\000v\000i\000l\000\040\000\050\000D\000i\000s\000e\000\361\000o\000\040\000R\000e\000s\000p\000o\000n\000s\000i\000v\000e\000\051}{section.18}% 44
